2026-09-07 09:23:56,090 WARNING LSL disabled (--no-lsl): markers are only logged
2026-09-07 09:24:01,312 INFO MARKER   1 SESSION_START
2026-09-07 09:24:01,365 INFO MARKER  10 BASELINE
2026-09-07 09:24:04,367 INFO MARKER  11 RUN_START
2026-09-07 09:24:04,530 INFO MARKER  20 PLAY_QUIET
2026-09-07 09:24:06,509 INFO MARKER  30 REST
2026-09-07 09:24:08,229 INFO MARKER  20 PLAY_QUIET
2026-09-07 09:24:10,512 INFO MARKER  30 REST
2026-09-07 09:24:11,872 INFO MARKER  20 PLAY_QUIET
2026-09-07 09:24:13,934 INFO MARKER  30 REST
2026-09-07 09:24:15,469 INFO MARKER  20 PLAY_QUIET
2026-09-07 09:24:17,721 INFO MARKER  30 REST
2026-09-07 09:24:19,437 INFO MARKER  20 PLAY_QUIET
2026-09-07 09:24:21,784 INFO MARKER  30 REST
2026-09-07 09:24:23,509 INFO MARKER  20 PLAY_QUIET
2026-09-07 09:24:25,282 INFO MARKER  30 REST
2026-09-07 09:24:26,657 INFO MARKER  40 RUN_REST
2026-09-07 09:24:32,659 INFO MARKER  11 RUN_START
2026-09-07 09:24:32,812 INFO MARKER  20 PLAY_QUIET
2026-09-07 09:24:35,006 INFO MARKER  30 REST
2026-09-07 09:24:36,336 INFO MARKER  20 PLAY_QUIET
2026-09-07 09:24:37,973 INFO MARKER  30 REST
2026-09-07 09:24:39,239 INFO MARKER  20 PLAY_QUIET
2026-09-07 09:24:41,371 INFO MARKER  30 REST
2026-09-07 09:24:42,711 INFO MARKER  20 PLAY_QUIET
2026-09-07 09:24:43,168 INFO MARKER  99 ABORT
